
===== build_scene.py =====
FBX version: 7400
FBX version: 7400
FBX version: 7400
FBX version: 7400
FBX version: 7400
FBX version: 7400
FBX version: 7400
FBX version: 7400
FBX version: 7400
FBX version: 7400
FBX version: 7400
FBX version: 7400
FBX version: 7400
FBX version: 7400
FBX version: 7400
{"stage": "1 基础环境与地形", "hardness": "High", "JEV": {"Judgement": "DATA_ONLY", "Evidence": {"terrain_grid": true, "terrain_height_range_over_2m": true, "real_lake_faces": true, "cc0_source_meshes": true, "gn_scatter_count": true, "real_color_maps": true, "original_foliage_only": true}, "Verification": "15 个 CC0 FBX 源资产；树木、蕨类、草、灌木、苔岩及真实开花玫瑰；15 组 GN 散射。贴图为源资产本来图像，非程序化颜色模拟。几何审查通过；视觉审查必须核对新场景的真实 EEVEE 预览。"}, "get_scene_info": {"objects": 32, "collections": {"Architecture": 0, "Environment": 17, "Robot": 0, "Fireflies": 0, "Lights": 0, "Architecture / open-source asset prototypes": 15}, "geometry_nodes": ["Oaks A | GN scatter", "Oaks B | GN scatter", "Birches A | GN scatter", "Birches B | GN scatter", "Pine saplings | GN scatter", "Moss rocks A | GN scatter", "Moss rocks B | GN scatter", "Meadow grass | GN scatter", "Coastal grass | GN scatter", "Ferns A | GN scatter", "Ferns B | GN scatter", "Shrubs | GN scatter", "Sorrel ground cover | GN scatter", "Flowering rose plants | GN scatter", "Fallen log | GN scatter"], "robot_parts": 0, "baked_fireflies": 0, "render_engine": "BLENDER_EEVEE_NEXT", "render_size": [1920, 1080]}, "Next_step_plan": "继续搭建受URDF限位的机器人rig，再运行第二轮JEV。"}
Timer 'STL Import' took 11.57 ms
Timer 'STL Import' took 6.39 ms
Timer 'STL Import' took 0.88 ms
Timer 'STL Import' took 5.08 ms
Timer 'STL Import' took 4.82 ms
Timer 'STL Import' took 0.89 ms
Timer 'STL Import' took 5.06 ms
Timer 'STL Import' took 4.99 ms
Timer 'STL Import' took 1.72 ms
Timer 'STL Import' took 6.84 ms
Timer 'STL Import' took 1.48 ms
Timer 'STL Import' took 1.48 ms
WARN (io.stl): source/blender/io/stl/importer/stl_import_mesh.cc:63 to_mesh: Removed 3 duplicate triangles during import
Timer 'STL Import' took 3.52 ms
Timer 'STL Import' took 1.72 ms
Timer 'STL Import' took 6.63 ms
Timer 'STL Import' took 1.43 ms
Timer 'STL Import' took 1.46 ms
WARN (io.stl): source/blender/io/stl/importer/stl_import_mesh.cc:63 to_mesh: Removed 3 duplicate triangles during import
Timer 'STL Import' took 3.58 ms
{"stage": "2 机器人主体", "hardness": "High", "JEV": {"Judgement": "DATA_ONLY", "Evidence": {"authored_urdf_visual_meshes": true, "real_joint_hierarchy": true, "imported_detail_vertices": true, "no_generated_box_body": true}, "Verification": "机械主体来自 MIT 授权 UBTECH Alpha 1S 数字孪生 17关节 URDF（人工测量舵机轴），20 个导入视觉网格；仍需低分辨率目视检查站姿、尺寸与地面接触。"}, "get_scene_info": {"objects": 50, "collections": {"Architecture": 0, "Environment": 17, "Robot": 18, "Fireflies": 0, "Lights": 0, "Architecture / open-source asset prototypes": 15}, "geometry_nodes": ["Oaks A | GN scatter", "Oaks B | GN scatter", "Birches A | GN scatter", "Birches B | GN scatter", "Pine saplings | GN scatter", "Moss rocks A | GN scatter", "Moss rocks B | GN scatter", "Meadow grass | GN scatter", "Coastal grass | GN scatter", "Ferns A | GN scatter", "Ferns B | GN scatter", "Shrubs | GN scatter", "Sorrel ground cover | GN scatter", "Flowering rose plants | GN scatter", "Fallen log | GN scatter"], "robot_parts": 18, "baked_fireflies": 0, "render_engine": "BLENDER_EEVEE_NEXT", "render_size": [1920, 1080]}, "Next_step_plan": "运行真实NEWTON萤火虫逐帧物理烘焙与跟随动画，再运行第三轮JEV。"}
{"stage": "3 萤火虫物理模拟与烘焙", "hardness": "High", "JEV": {"Judgement": "DATA_ONLY", "Evidence": {"particle_system": true, "turbulence_force": true, "directional_wind": true, "all_144_physics_samples": true, "measured_flock_travel_over_1m": true, "baked_count": true, "animated_bake_shape_keys": true, "terrain_clearance": true, "firefly_source_diameter": true}, "Verification": "真实 Blender NEWTON 粒子 + Brownian + turbulence + 有方向风力，逐帧 1–144 连续求值。筛出全程在地面上方且在场景飞行域的 108 只萤火虫；群体质心飞行 3.66 m，逐只路径总位移 395.2 m。每帧作为 shape key 烘焙进 .blend，GN 继续实例化真实 CC0 萤火虫模型。"}, "get_scene_info": {"objects": 55, "collections": {"Architecture": 0, "Environment": 17, "Robot": 18, "Fireflies": 4, "Lights": 0, "Architecture / open-source asset prototypes": 16}, "geometry_nodes": ["Oaks A | GN scatter", "Oaks B | GN scatter", "Birches A | GN scatter", "Birches B | GN scatter", "Pine saplings | GN scatter", "Moss rocks A | GN scatter", "Moss rocks B | GN scatter", "Meadow grass | GN scatter", "Coastal grass | GN scatter", "Ferns A | GN scatter", "Ferns B | GN scatter", "Shrubs | GN scatter", "Sorrel ground cover | GN scatter", "Flowering rose plants | GN scatter", "Fallen log | GN scatter"], "robot_parts": 18, "baked_fireflies": 1, "render_engine": "BLENDER_EEVEE_NEXT", "render_size": [1920, 1080]}, "Next_step_plan": "加入显著生物发光与林地暮色材质，然后进行640x480 EEVEE预览和第四轮JEV。"}
{"stage": "4 微光灯光与基础材质", "hardness": "High", "JEV": {"Judgement": "DATA_ONLY", "Evidence": {"eevee": true, "preview_le_720p": true, "default_viewport_material_mode": true, "lighting": true, "material_assignments": true}, "Verification": "月光冷主光、弱冷填光、微弱暖色反射；金属、氧化铜、石土与发光材料分离；仅允许 640×480 预览。"}, "get_scene_info": {"objects": 60, "collections": {"Architecture": 0, "Environment": 17, "Robot": 18, "Fireflies": 4, "Lights": 5, "Architecture / open-source asset prototypes": 16}, "geometry_nodes": ["Oaks A | GN scatter", "Oaks B | GN scatter", "Birches A | GN scatter", "Birches B | GN scatter", "Pine saplings | GN scatter", "Moss rocks A | GN scatter", "Moss rocks B | GN scatter", "Meadow grass | GN scatter", "Coastal grass | GN scatter", "Ferns A | GN scatter", "Ferns B | GN scatter", "Shrubs | GN scatter", "Sorrel ground cover | GN scatter", "Flowering rose plants | GN scatter", "Fallen log | GN scatter"], "robot_parts": 18, "baked_fireflies": 1, "render_engine": "BLENDER_EEVEE_NEXT", "render_size": [640, 480]}, "Next_step_plan": "清理交付候选并实际审查640x480 EEVEE预览；任何截图错误继续修复。"}
Info: Saved as "Twilight_Wilderness_Robot.blend"
{"stage": "5 清理与交付", "hardness": "High", "JEV": {"Judgement": "DATA_ONLY", "Evidence": {"required_collections": true, "blend_saved": true, "static_bake": true, "simulation_hidden": true}, "Verification": "保留隐藏模拟源以便追溯，静态实例作为最终展示；资产内嵌到 .blend，外部 FBX 仅供重建脚本使用。"}, "get_scene_info": {"objects": 60, "collections": {"Architecture": 0, "Environment": 17, "Robot": 18, "Fireflies": 4, "Lights": 5, "Architecture / open-source asset prototypes": 16}, "geometry_nodes": ["Oaks A | GN scatter", "Oaks B | GN scatter", "Birches A | GN scatter", "Birches B | GN scatter", "Pine saplings | GN scatter", "Moss rocks A | GN scatter", "Moss rocks B | GN scatter", "Meadow grass | GN scatter", "Coastal grass | GN scatter", "Ferns A | GN scatter", "Ferns B | GN scatter", "Shrubs | GN scatter", "Sorrel ground cover | GN scatter", "Flowering rose plants | GN scatter", "Fallen log | GN scatter"], "robot_parts": 18, "baked_fireflies": 1, "render_engine": "BLENDER_EEVEE_NEXT", "render_size": [640, 480]}, "Next_step_plan": "逐帧查看EEVEE预览并完成人工JEV；在视觉确认前保持待审状态。"}
Info: Saved as "Twilight_Wilderness_Robot.blend"
BUILD SAVED WITHOUT A PREVIEW: run the separate <=720p EEVEE review script; all candidate stages remain PENDING_VISUAL.

===== upgrade_animation.py =====
Read blend: "/home/runner/work/StrainsmoothingUAL/StrainsmoothingUAL/output/Twilight_Wilderness_Robot.blend"
OBJ import of 'firefly.obj' took 4.20 ms
Info: Saved as "Twilight_Wilderness_Robot.blend"
UPGRADE {"frame_range": [1, 144], "bones": 18, "animated_bones": 13, "mesh_links": 18, "firefly_vertices": 970, "baked_positions": 108, "removed_broken_import_images": ["OriginalFoliageAtlas", "OriginalFoliageAtlas.001", "OriginalFoliageAtlas.002", "OriginalFoliageNormal", "OriginalFoliageNormal.001", "OriginalFoliageNormal.002", "pine_sapling_small_bark_nor_gl.png", "pine_sapling_small_bark_rough.png", "rock_moss_set_01_diff.png", "rock_moss_set_01_diff.png.001", "rock_moss_set_01_nor_gl.png", "rock_moss_set_01_nor_gl.png.001", "rock_moss_set_01_rough.png", "rock_moss_set_01_rough.png.001", "WoodlandAtlas", "WoodlandAtlas.001", "WoodlandAtlas.002", "WoodlandAtlas.003", "WoodlandNormal", "WoodlandNormal.001", "WoodlandNormal.002", "WoodlandNormal.003"]}

===== animate_flight.py =====
Read blend: "/home/runner/work/StrainsmoothingUAL/StrainsmoothingUAL/output/Twilight_Wilderness_Robot.blend"
Info: Saved as "Twilight_Wilderness_Robot.blend"
FLIGHT BAKED: 108 insects, 144 geometry states, full range 1 144 centroids (-1.02, 2.05, 1.58) -> (0.38, -1.33, 1.78)

===== refine_walk.py =====
Read blend: "/home/runner/work/StrainsmoothingUAL/StrainsmoothingUAL/output/Twilight_Wilderness_Robot.blend"
URDF-LIMITED IK WALK DIAGNOSTIC {"IK_constraints": {"l": "URDF leg IK | l | measured ankle/sole plant", "r": "URDF leg IK | r | measured ankle/sole plant"}, "IK_position_only_targets": {"l": true, "r": true}, "IK_chain_lengths": {"l": 4, "r": 4}, "leg_joint_axis_locks": {"l": {"l_hip_roll_link": {"locks": [true, true, false], "limits": [-3.1415927410125732, -3.1415927410125732, -1.5709999799728394, 3.1415927410125732, 3.1415927410125732, 0.5239999890327454]}, "l_knee_link": {"locks": [true, true, false], "limits": [-3.1415927410125732, -3.1415927410125732, -1.5709999799728394, 3.1415927410125732, 3.1415927410125732, 1.5709999799728394]}, "l_ankle_pitch_joint": {"locks": [true, true, false], "limits": [-3.1415927410125732, -3.1415927410125732, -1.3250000476837158, 3.1415927410125732, 3.1415927410125732, 1.5709999799728394]}, "l_ankle_link": {"locks": [true, true, false], "limits": [-3.1415927410125732, -3.1415927410125732, -1.0470000505447388, 3.1415927410125732, 3.1415927410125732, 1.0470000505447388]}, "l_foot_link": {"locks": [false, false, false], "limits": [-3.1415927410125732, -3.1415927410125732, -3.1415927410125732, 3.1415927410125732, 3.1415927410125732, 3.1415927410125732]}}, "r": {"r_hip_roll_link": {"locks": [true, true, false], "limits": [-3.1415927410125732, -3.1415927410125732, -0.5239999890327454, 3.1415927410125732, 3.1415927410125732, 1.5709999799728394]}, "r_knee_link": {"locks": [true, true, false], "limits": [-3.1415927410125732, -3.1415927410125732, -1.5709999799728394, 3.1415927410125732, 3.1415927410125732, 1.5709999799728394]}, "r_ankle_pitch_joint": {"locks": [true, true, false], "limits": [-3.1415927410125732, -3.1415927410125732, -1.3250000476837158, 3.1415927410125732, 3.1415927410125732, 1.5709999799728394]}, "r_ankle_link": {"locks": [true, true, false], "limits": [-3.1415927410125732, -3.1415927410125732, -1.0470000505447388, 3.1415927410125732, 3.1415927410125732, 1.0470000505447388]}, "r_foot_link": {"locks": [false, false, false], "limits": [-3.1415927410125732, -3.1415927410125732, -3.1415927410125732, 3.1415927410125732, 3.1415927410125732, 3.1415927410125732]}}}, "foot_clearance_range_m": [0.0010062369869496546, 0.04552397050060966], "planted_foot_clearance_range_m": [0.0010062369869496546, 0.010754826301966142], "max_ik_target_error_m": 4.62705511763251e-05, "contact_clearance_target_m": 0.003, "contact_clearance_tolerance_m": 0.0005, "lowest_sole_sample": {"frame": 76, "side": "l", "clearance_m": 0.0010062369869496546}, "highest_sole_sample": {"frame": 131, "side": "r", "clearance_m": 0.04552397050060966}, "lowest_planted_sample": {"frame": 76, "side": "l", "initial_clearance_m": -0.019343208449823207, "clearance_m": 0.0010062369869496546, "target_z_correction_m": 0.0092, "evaluations": 111, "converged": false, "sampled_clearance_range_m": [-0.03874096598155902, 0.12605146415549284]}, "highest_planted_sample": {"frame": 118, "side": "r", "initial_clearance_m": -0.027063048328209674, "clearance_m": 0.010754826301966142, "target_z_correction_m": 0.0904, "evaluations": 111, "converged": false, "sampled_clearance_range_m": [-0.0336894389743752, 0.19519200953660898]}, "largest_ik_endpoint_error": {"frame": 134, "side": "l", "error_m": 4.62705511763251e-05, "target_xyz_m": [-0.112809, 0.336244, 0.420405], "ankle_tail_xyz_m": [-0.112834, 0.33625, 0.420366]}, "stance_contact_solver": {"method": "bidirectional coarse scan + local refinement on evaluated sole-mesh clearance", "tolerance_m": 0.0005, "max_evaluations": 111, "max_abs_target_correction_m": 0.2336, "failed_samples": [{"frame": 1, "side": "l", "initial_clearance_m": -0.01304558940790096, "clearance_m": 0.007705238666433217, "target_z_correction_m": 0.1004, "evaluations": 111, "converged": false, "sampled_clearance_range_m": [-0.026884195981975972, 0.1340469065362354]}, {"frame": 2, "side": "l", "initial_clearance_m": -0.014643885746119578, "clearance_m": 0.004660484010946236, "target_z_correction_m": 0.09920000000000001, "evaluations": 111, "converged": false, "sampled_clearance_range_m": [-0.027940397461516886, 0.1321857623084245]}, {"frame": 6, "side": "l", "initial_clearance_m": -0.026611999406740416, "clearance_m": 0.0029334076438530254, "target_z_correction_m": 0.18, "evaluations": 111, "converged": false, "sampled_clearance_range_m": [-0.03590927733219246, 0.1134677696711891]}, {"frame": 7, "side": "l", "initial_clearance_m": -0.028905639333533406, "clearance_m": 0.002954467653766557, "target_z_correction_m": 0.1864, "evaluations": 111, "converged": false, "sampled_clearance_range_m": [-0.03777865297223401, 0.1086445098946121]}, {"frame": 8, "side": "l", "initial_clearance_m": -0.03075298605956653, "clearance_m": 0.0030100143359395592, "target_z_correction_m": 0.192, "evaluations": 111, "converged": false, "sampled_clearance_range_m": [-0.03995323240676363, 0.1010776695697001]}, {"frame": 9, "side": "l", "initial_clearance_m": -0.03273648983538652, "clearance_m": 0.0030185253592848182, "target_z_correction_m": 0.198, "evaluations": 111, "converged": false, "sampled_clearance_range_m": [-0.04663223662940044, 0.09387306188723893]}, {"frame": 11, "side": "l", "initial_clearance_m": -0.030237121628353125, "clearance_m": 0.003171620551059018, "target_z_correction_m": 0.20879999999999999, "evaluations": 111, "converged": false, "sampled_clearance_range_m": [-0.0574931314258324, 0.08224311568050252]}, {"frame": 12, "side": "l", "initial_clearance_m": -0.03198593315930784, "clearance_m": 0.003047215366496381, "target_z_correction_m": 0.214, "evaluations": 111, "converged": false, "sampled_clearance_range_m": [-0.06243927336548913, 0.07746746003119842]}, {"frame": 13, "side": "l", "initial_clearance_m": -0.038789146749742986, "clearance_m": 0.002966559597302354, "target_z_correction_m": 0.2196, "evaluations": 111, "converged": false, "sampled_clearance_range_m": [-0.06686688120943768, 0.0735344826358807]}, {"frame": 13, "side": "r", "initial_clearance_m": -0.07690316160488303, "clearance_m": 0.003063507617590666, "target_z_correction_m": 0.16240000000000002, "evaluations": 111, "converged": false, "sampled_clearance_range_m": [-0.07997834045394664, 0.13710640366581078]}, {"frame": 14, "side": "l", "initial_clearance_m": -0.04679115706828629, "clearance_m": 0.002951678422753512, "target_z_correction_m": 0.2248, "evaluations": 111, "converged": false, "sampled_clearance_range_m": [-0.07063433795610657, 0.07071926047069957]}, {"frame": 14, "side": "r", "initial_clearance_m": -0.07663177193738491, "clearance_m": 0.0029698881954901557, "target_z_correction_m": 0.14679999999999999, "evaluations": 111, "converged": false, "sampled_clearance_range_m": [-0.07873474379428855, 0.15027954436247898]}], "failure_count": 114}, "frames": 144, "visual_review_completed": false}
Traceback (most recent call last):
  File "/home/runner/work/StrainsmoothingUAL/StrainsmoothingUAL/refine_walk.py", line 383, in <module>
    assert not contact_solver_failures, summary['stance_contact_solver']
           ^^^^^^^^^^^^^^^^^^^^^^^^^^^
AssertionError: {'method': 'bidirectional coarse scan + local refinement on evaluated sole-mesh clearance', 'tolerance_m': 0.0005, 'max_evaluations': 111, 'max_abs_target_correction_m': 0.2336, 'failed_samples': [{'frame': 1, 'side': 'l', 'initial_clearance_m': -0.01304558940790096, 'clearance_m': 0.007705238666433217, 'target_z_correction_m': 0.1004, 'evaluations': 111, 'converged': False, 'sampled_clearance_range_m': [-0.026884195981975972, 0.1340469065362354]}, {'frame': 2, 'side': 'l', 'initial_clearance_m': -0.014643885746119578, 'clearance_m': 0.004660484010946236, 'target_z_correction_m': 0.09920000000000001, 'evaluations': 111, 'converged': False, 'sampled_clearance_range_m': [-0.027940397461516886, 0.1321857623084245]}, {'frame': 6, 'side': 'l', 'initial_clearance_m': -0.026611999406740416, 'clearance_m': 0.0029334076438530254, 'target_z_correction_m': 0.18, 'evaluations': 111, 'converged': False, 'sampled_clearance_range_m': [-0.03590927733219246, 0.1134677696711891]}, {'frame': 7, 'side': 'l', 'initial_clearance_m': -0.028905639333533406, 'clearance_m': 0.002954467653766557, 'target_z_correction_m': 0.1864, 'evaluations': 111, 'converged': False, 'sampled_clearance_range_m': [-0.03777865297223401, 0.1086445098946121]}, {'frame': 8, 'side': 'l', 'initial_clearance_m': -0.03075298605956653, 'clearance_m': 0.0030100143359395592, 'target_z_correction_m': 0.192, 'evaluations': 111, 'converged': False, 'sampled_clearance_range_m': [-0.03995323240676363, 0.1010776695697001]}, {'frame': 9, 'side': 'l', 'initial_clearance_m': -0.03273648983538652, 'clearance_m': 0.0030185253592848182, 'target_z_correction_m': 0.198, 'evaluations': 111, 'converged': False, 'sampled_clearance_range_m': [-0.04663223662940044, 0.09387306188723893]}, {'frame': 11, 'side': 'l', 'initial_clearance_m': -0.030237121628353125, 'clearance_m': 0.003171620551059018, 'target_z_correction_m': 0.20879999999999999, 'evaluations': 111, 'converged': False, 'sampled_clearance_range_m': [-0.0574931314258324, 0.08224311568050252]}, {'frame': 12, 'side': 'l', 'initial_clearance_m': -0.03198593315930784, 'clearance_m': 0.003047215366496381, 'target_z_correction_m': 0.214, 'evaluations': 111, 'converged': False, 'sampled_clearance_range_m': [-0.06243927336548913, 0.07746746003119842]}, {'frame': 13, 'side': 'l', 'initial_clearance_m': -0.038789146749742986, 'clearance_m': 0.002966559597302354, 'target_z_correction_m': 0.2196, 'evaluations': 111, 'converged': False, 'sampled_clearance_range_m': [-0.06686688120943768, 0.0735344826358807]}, {'frame': 13, 'side': 'r', 'initial_clearance_m': -0.07690316160488303, 'clearance_m': 0.003063507617590666, 'target_z_correction_m': 0.16240000000000002, 'evaluations': 111, 'converged': False, 'sampled_clearance_range_m': [-0.07997834045394664, 0.13710640366581078]}, {'frame': 14, 'side': 'l', 'initial_clearance_m': -0.04679115706828629, 'clearance_m': 0.002951678422753512, 'target_z_correction_m': 0.2248, 'evaluations': 111, 'converged': False, 'sampled_clearance_range_m': [-0.07063433795610657, 0.07071926047069957]}, {'frame': 14, 'side': 'r', 'initial_clearance_m': -0.07663177193738491, 'clearance_m': 0.0029698881954901557, 'target_z_correction_m': 0.14679999999999999, 'evaluations': 111, 'converged': False, 'sampled_clearance_range_m': [-0.07873474379428855, 0.15027954436247898]}], 'failure_count': 114}

===== output/robot_ik_audit.json =====
{
  "IK_constraints": {
    "l": "URDF leg IK | l | measured ankle/sole plant",
    "r": "URDF leg IK | r | measured ankle/sole plant"
  },
  "IK_position_only_targets": {
    "l": true,
    "r": true
  },
  "IK_chain_lengths": {
    "l": 4,
    "r": 4
  },
  "leg_joint_axis_locks": {
    "l": {
      "l_hip_roll_link": {
        "locks": [
          true,
          true,
          false
        ],
        "limits": [
          -3.1415927410125732,
          -3.1415927410125732,
          -1.5709999799728394,
          3.1415927410125732,
          3.1415927410125732,
          0.5239999890327454
        ]
      },
      "l_knee_link": {
        "locks": [
          true,
          true,
          false
        ],
        "limits": [
          -3.1415927410125732,
          -3.1415927410125732,
          -1.5709999799728394,
          3.1415927410125732,
          3.1415927410125732,
          1.5709999799728394
        ]
      },
      "l_ankle_pitch_joint": {
        "locks": [
          true,
          true,
          false
        ],
        "limits": [
          -3.1415927410125732,
          -3.1415927410125732,
          -1.3250000476837158,
          3.1415927410125732,
          3.1415927410125732,
          1.5709999799728394
        ]
      },
      "l_ankle_link": {
        "locks": [
          true,
          true,
          false
        ],
        "limits": [
          -3.1415927410125732,
          -3.1415927410125732,
          -1.0470000505447388,
          3.1415927410125732,
          3.1415927410125732,
          1.0470000505447388
        ]
      },
      "l_foot_link": {
        "locks": [
          false,
          false,
          false
        ],
        "limits": [
          -3.1415927410125732,
          -3.1415927410125732,
          -3.1415927410125732,
          3.1415927410125732,
          3.1415927410125732,
          3.1415927410125732
        ]
      }
    },
    "r": {
      "r_hip_roll_link": {
        "locks": [
          true,
          true,
          false
        ],
        "limits": [
          -3.1415927410125732,
          -3.1415927410125732,
          -0.5239999890327454,
          3.1415927410125732,
          3.1415927410125732,
          1.5709999799728394
        ]
      },
      "r_knee_link": {
        "locks": [
          true,
          true,
          false
        ],
        "limits": [
          -3.1415927410125732,
          -3.1415927410125732,
          -1.5709999799728394,
          3.1415927410125732,
          3.1415927410125732,
          1.5709999799728394
        ]
      },
      "r_ankle_pitch_joint": {
        "locks": [
          true,
          true,
          false
        ],
        "limits": [
          -3.1415927410125732,
          -3.1415927410125732,
          -1.3250000476837158,
          3.1415927410125732,
          3.1415927410125732,
          1.5709999799728394
        ]
      },
      "r_ankle_link": {
        "locks": [
          true,
          true,
          false
        ],
        "limits": [
          -3.1415927410125732,
          -3.1415927410125732,
          -1.0470000505447388,
          3.1415927410125732,
          3.1415927410125732,
          1.0470000505447388
        ]
      },
      "r_foot_link": {
        "locks": [
          false,
          false,
          false
        ],
        "limits": [
          -3.1415927410125732,
          -3.1415927410125732,
          -3.1415927410125732,
          3.1415927410125732,
          3.1415927410125732,
          3.1415927410125732
        ]
      }
    }
  },
  "foot_clearance_range_m": [
    0.0010062369869496546,
    0.04552397050060966
  ],
  "planted_foot_clearance_range_m": [
    0.0010062369869496546,
    0.010754826301966142
  ],
  "max_ik_target_error_m": 4.62705511763251e-05,
  "contact_clearance_target_m": 0.003,
  "contact_clearance_tolerance_m": 0.0005,
  "lowest_sole_sample": {
    "frame": 76,
    "side": "l",
    "clearance_m": 0.0010062369869496546
  },
  "highest_sole_sample": {
    "frame": 131,
    "side": "r",
    "clearance_m": 0.04552397050060966
  },
  "lowest_planted_sample": {
    "frame": 76,
    "side": "l",
    "initial_clearance_m": -0.019343208449823207,
    "clearance_m": 0.0010062369869496546,
    "target_z_correction_m": 0.0092,
    "evaluations": 111,
    "converged": false,
    "sampled_clearance_range_m": [
      -0.03874096598155902,
      0.12605146415549284
    ]
  },
  "highest_planted_sample": {
    "frame": 118,
    "side": "r",
    "initial_clearance_m": -0.027063048328209674,
    "clearance_m": 0.010754826301966142,
    "target_z_correction_m": 0.0904,
    "evaluations": 111,
    "converged": false,
    "sampled_clearance_range_m": [
      -0.0336894389743752,
      0.19519200953660898
    ]
  },
  "largest_ik_endpoint_error": {
    "frame": 134,
    "side": "l",
    "error_m": 4.62705511763251e-05,
    "target_xyz_m": [
      -0.112809,
      0.336244,
      0.420405
    ],
    "ankle_tail_xyz_m": [
      -0.112834,
      0.33625,
      0.420366
    ]
  },
  "stance_contact_solver": {
    "method": "bidirectional coarse scan + local refinement on evaluated sole-mesh clearance",
    "tolerance_m": 0.0005,
    "max_evaluations": 111,
    "max_abs_target_correction_m": 0.2336,
    "failed_samples": [
      {
        "frame": 1,
        "side": "l",
        "initial_clearance_m": -0.01304558940790096,
        "clearance_m": 0.007705238666433217,
        "target_z_correction_m": 0.1004,
        "evaluations": 111,
        "converged": false,
        "sampled_clearance_range_m": [
          -0.026884195981975972,
          0.1340469065362354
        ]
      },
      {
        "frame": 2,
        "side": "l",
        "initial_clearance_m": -0.014643885746119578,
        "clearance_m": 0.004660484010946236,
        "target_z_correction_m": 0.09920000000000001,
        "evaluations": 111,
        "converged": false,
        "sampled_clearance_range_m": [
          -0.027940397461516886,
          0.1321857623084245
        ]
      },
      {
        "frame": 6,
        "side": "l",
        "initial_clearance_m": -0.026611999406740416,
        "clearance_m": 0.0029334076438530254,
        "target_z_correction_m": 0.18,
        "evaluations": 111,
        "converged": false,
        "sampled_clearance_range_m": [
          -0.03590927733219246,
          0.1134677696711891
        ]
      },
      {
        "frame": 7,
        "side": "l",
        "initial_clearance_m": -0.028905639333533406,
        "clearance_m": 0.002954467653766557,
        "target_z_correction_m": 0.1864,
        "evaluations": 111,
        "converged": false,
        "sampled_clearance_range_m": [
          -0.03777865297223401,
          0.1086445098946121
        ]
      },
      {
        "frame": 8,
        "side": "l",
        "initial_clearance_m": -0.03075298605956653,
        "clearance_m": 0.0030100143359395592,
        "target_z_correction_m": 0.192,
        "evaluations": 111,
        "converged": false,
        "sampled_clearance_range_m": [
          -0.03995323240676363,
          0.1010776695697001
        ]
      },
      {
        "frame": 9,
        "side": "l",
        "initial_clearance_m": -0.03273648983538652,
        "clearance_m": 0.0030185253592848182,
        "target_z_correction_m": 0.198,
        "evaluations": 111,
        "converged": false,
        "sampled_clearance_range_m": [
          -0.04663223662940044,
          0.09387306188723893
        ]
      },
      {
        "frame": 11,
        "side": "l",
        "initial_clearance_m": -0.030237121628353125,
        "clearance_m": 0.003171620551059018,
        "target_z_correction_m": 0.20879999999999999,
        "evaluations": 111,
        "converged": false,
        "sampled_clearance_range_m": [
          -0.0574931314258324,
          0.08224311568050252
        ]
      },
      {
        "frame": 12,
        "side": "l",
        "initial_clearance_m": -0.03198593315930784,
        "clearance_m": 0.003047215366496381,
        "target_z_correction_m": 0.214,
        "evaluations": 111,
        "converged": false,
        "sampled_clearance_range_m": [
          -0.06243927336548913,
          0.07746746003119842
        ]
      },
      {
        "frame": 13,
        "side": "l",
        "initial_clearance_m": -0.038789146749742986,
        "clearance_m": 0.002966559597302354,
        "target_z_correction_m": 0.2196,
        "evaluations": 111,
        "converged": false,
        "sampled_clearance_range_m": [
          -0.06686688120943768,
          0.0735344826358807
        ]
      },
      {
        "frame": 13,
        "side": "r",
        "initial_clearance_m": -0.07690316160488303,
        "clearance_m": 0.003063507617590666,
        "target_z_correction_m": 0.16240000000000002,
        "evaluations": 111,
        "converged": false,
        "sampled_clearance_range_m": [
          -0.07997834045394664,
          0.13710640366581078
        ]
      },
      {
        "frame": 14,
        "side": "l",
        "initial_clearance_m": -0.04679115706828629,
        "clearance_m": 0.002951678422753512,
        "target_z_correction_m": 0.2248,
        "evaluations": 111,
        "converged": false,
        "sampled_clearance_range_m": [
          -0.07063433795610657,
          0.07071926047069957
        ]
      },
      {
        "frame": 14,
        "side": "r",
        "initial_clearance_m": -0.07663177193738491,
        "clearance_m": 0.0029698881954901557,
        "target_z_correction_m": 0.14679999999999999,
        "evaluations": 111,
        "converged": false,
        "sampled_clearance_range_m": [
          -0.07873474379428855,
          0.15027954436247898
        ]
      }
    ],
    "failure_count": 114
  },
  "frames": 144,
  "visual_review_completed": false
}

Harness failed in run 36381766557 at 2026-09-28T05:29:22Z
